{
    "Should run without failures - atacseq": {
        "content": [
            {
                "samplesheet": [
                    "atacseq_samplesheet.csv:md5,40adcac1edf4708ca433ab8a84d33dea"
                ]
            }
        ],
        "timestamp": "2026-08-20T17:38:07.533435116",
        "meta": {
            "nf-test": "0.9.5",
            "nextflow": "26.04.6"
        }
    },
    "Should run without failures - rnaseq": {
        "content": [
            {
                "samplesheet": [
                    "rnaseq_samplesheet.csv:md5,318d268fbbc83fd73b18778d81db260c"
                ]
            }
        ],
        "timestamp": "2026-08-20T17:37:52.234271311",
        "meta": {
            "nf-test": "0.9.5",
            "nextflow": "26.04.6"
        }
    },
    "Should run without failures - taxprofiler": {
        "content": [
            {
                "samplesheet": [
                    "taxprofiler_samplesheet.csv:md5,eb3f2081cf556c7ff2d17ef2abf6c384"
                ]
            }
        ],
        "timestamp": "2026-08-20T17:38:22.416072204",
        "meta": {
            "nf-test": "0.9.5",
            "nextflow": "26.04.6"
        }
    },
    "Should run without failures - methylseq": {
        "content": [
            {
                "samplesheet": [
                    "methylseq_samplesheet.csv:md5,ac6db97f112ea7e1801067c0d19d3f1c"
                ]
            }
        ],
        "timestamp": "2026-08-20T17:38:29.866461631",
        "meta": {
            "nf-test": "0.9.5",
            "nextflow": "26.04.6"
        }
    },
    "Should run without failures - sarek": {
        "content": [
            {
                "samplesheet": [
                    "sarek_samplesheet.csv:md5,2c9683d26f09427e78e60402b4c90bac"
                ]
            }
        ],
        "timestamp": "2026-08-20T17:38:00.016017682",
        "meta": {
            "nf-test": "0.9.5",
            "nextflow": "26.04.6"
        }
    },
    "Should run without failures - seqinspector": {
        "content": [
            {
                "samplesheet": [
                    "seqinspector_samplesheet.csv:md5,855609d6359360d72d3e4b424ddd85d4"
                ]
            }
        ],
        "timestamp": "2026-08-20T17:38:15.274049344",
        "meta": {
            "nf-test": "0.9.5",
            "nextflow": "26.04.6"
        }
    }
}